#! /usr/bin/vvp
:ivl_version "12.0 (stable)";
:ivl_delay_selection "TYPICAL";
:vpi_time_precision - 12;
:vpi_module "/usr/lib/x86_64-linux-gnu/ivl/system.vpi";
:vpi_module "/usr/lib/x86_64-linux-gnu/ivl/vhdl_sys.vpi";
:vpi_module "/usr/lib/x86_64-linux-gnu/ivl/vhdl_textio.vpi";
:vpi_module "/usr/lib/x86_64-linux-gnu/ivl/v2005_math.vpi";
:vpi_module "/usr/lib/x86_64-linux-gnu/ivl/va_math.vpi";
S_0x5dc42286c670 .scope module, "Final_TB" "Final_TB" 2 5;
 .timescale -9 -12;
v0x5dc4228a5970_0 .var "A", 3 0;
v0x5dc4228a5a80_0 .var "B", 3 0;
v0x5dc4228a5b50_0 .var "Cin", 0 0;
v0x5dc4228a5c70_0 .var "Clk", 0 0;
v0x5dc4228a5d10_0 .net "Cout", 0 0, v0x5dc4228a1ec0_0;  1 drivers
v0x5dc4228a5e50_0 .var "Rst", 0 0;
v0x5dc4228a5ef0_0 .net "S", 3 0, L_0x5dc4228abce0;  1 drivers
S_0x5dc4228751a0 .scope module, "uut" "Adder" 2 16, 3 24 0, S_0x5dc42286c670;
 .timescale -9 -12;
    .port_info 0 /INPUT 1 "Clk";
    .port_info 1 /INPUT 1 "Rst";
    .port_info 2 /INPUT 4 "A";
    .port_info 3 /INPUT 4 "B";
    .port_info 4 /INPUT 1 "Cin";
    .port_info 5 /OUTPUT 4 "S";
    .port_info 6 /OUTPUT 1 "Cout";
v0x5dc4228a4f90_0 .net "A", 3 0, v0x5dc4228a5970_0;  1 drivers
v0x5dc4228a5090_0 .net "Ain", 3 0, L_0x5dc4228a62c0;  1 drivers
v0x5dc4228a5150_0 .net "B", 3 0, v0x5dc4228a5a80_0;  1 drivers
v0x5dc4228a5220_0 .net "Bin", 3 0, L_0x5dc4228a6870;  1 drivers
v0x5dc4228a5310_0 .net "Cin", 0 0, v0x5dc4228a5b50_0;  1 drivers
v0x5dc4228a5400_0 .net "Cin_in", 0 0, v0x5dc4228a4790_0;  1 drivers
v0x5dc4228a54f0_0 .net "Clk", 0 0, v0x5dc4228a5c70_0;  1 drivers
v0x5dc4228a5590_0 .net "Cout", 0 0, v0x5dc4228a1ec0_0;  alias, 1 drivers
v0x5dc4228a5630_0 .net "Cout_out", 0 0, L_0x5dc4228ab8a0;  1 drivers
v0x5dc4228a56d0_0 .net "Rst", 0 0, v0x5dc4228a5e50_0;  1 drivers
v0x5dc4228a5770_0 .net "S", 3 0, L_0x5dc4228abce0;  alias, 1 drivers
v0x5dc4228a5810_0 .net "Sout", 3 0, L_0x5dc4228ab2c0;  1 drivers
L_0x5dc4228a5f90 .part v0x5dc4228a5970_0, 0, 1;
L_0x5dc4228a6080 .part v0x5dc4228a5970_0, 1, 1;
L_0x5dc4228a6120 .part v0x5dc4228a5970_0, 2, 1;
L_0x5dc4228a61c0 .part v0x5dc4228a5970_0, 3, 1;
L_0x5dc4228a62c0 .concat8 [ 1 1 1 1], v0x5dc4228a02b0_0, v0x5dc4228a0870_0, v0x5dc4228a23b0_0, v0x5dc4228a2a30_0;
L_0x5dc4228a6420 .part v0x5dc4228a5a80_0, 0, 1;
L_0x5dc4228a6580 .part v0x5dc4228a5a80_0, 1, 1;
L_0x5dc4228a6620 .part v0x5dc4228a5a80_0, 2, 1;
L_0x5dc4228a67a0 .part v0x5dc4228a5a80_0, 3, 1;
L_0x5dc4228a6870 .concat8 [ 1 1 1 1], v0x5dc4228a2fd0_0, v0x5dc4228a35c0_0, v0x5dc4228a3bb0_0, v0x5dc4228a41a0_0;
L_0x5dc4228ab690 .part L_0x5dc4228ab2c0, 0, 1;
L_0x5dc4228aba70 .part L_0x5dc4228ab2c0, 1, 1;
L_0x5dc4228abba0 .part L_0x5dc4228ab2c0, 2, 1;
L_0x5dc4228abc40 .part L_0x5dc4228ab2c0, 3, 1;
L_0x5dc4228abce0 .concat8 [ 1 1 1 1], v0x5dc4228a4d70_0, v0x5dc4228a0e50_0, v0x5dc4228a1410_0, v0x5dc4228a1960_0;
S_0x5dc422880df0 .scope module, "CLA0" "CLA" 3 44, 4 20 0, S_0x5dc4228751a0;
 .timescale -9 -12;
    .port_info 0 /INPUT 4 "A";
    .port_info 1 /INPUT 4 "B";
    .port_info 2 /INPUT 1 "Cin";
    .port_info 3 /OUTPUT 4 "S";
    .port_info 4 /OUTPUT 1 "Cout";
L_0x5dc4228a8200 .functor NOT 1, v0x5dc4228a4790_0, C4<0>, C4<0>, C4<0>;
L_0x5dc4228a8270 .functor OR 1, L_0x5dc4228a8330, L_0x5dc4228a8200, C4<0>, C4<0>;
L_0x5dc4228a84e0 .functor NAND 1, L_0x5dc4228a85a0, L_0x5dc4228a8270, C4<1>, C4<1>;
L_0x5dc4228a8470 .functor AND 1, v0x5dc4228a4790_0, L_0x5dc4228a8860, C4<1>, C4<1>;
L_0x5dc4228a8f50 .functor OR 1, L_0x5dc4228a8750, L_0x5dc4228a8470, C4<0>, C4<0>;
L_0x5dc4228a9620 .functor AND 1, L_0x5dc4228a96d0, L_0x5dc4228a90f0, C4<1>, C4<1>;
L_0x5dc4228a9880 .functor OR 1, L_0x5dc4228a9030, L_0x5dc4228a9620, C4<0>, C4<0>;
L_0x5dc4228aa310 .functor AND 1, L_0x5dc4228a9ac0, L_0x5dc4228a8750, C4<1>, C4<1>;
L_0x5dc4228aa3d0 .functor NOR 1, L_0x5dc4228aa310, L_0x5dc4228a99b0, C4<0>, C4<0>;
L_0x5dc4228aa440 .functor NAND 1, L_0x5dc4228a9ac0, L_0x5dc4228a8860, C4<1>, C4<1>;
L_0x5dc4228aa510 .functor OR 1, L_0x5dc4228a8200, L_0x5dc4228aa440, C4<0>, C4<0>;
L_0x5dc4228aa6c0 .functor NAND 1, L_0x5dc4228aa3d0, L_0x5dc4228aa510, C4<1>, C4<1>;
L_0x5dc4228aa890 .functor XOR 1, v0x5dc4228a4790_0, L_0x5dc4228aa900, C4<0>, C4<0>;
L_0x5dc4228aab30 .functor XOR 1, L_0x5dc4228aac20, L_0x5dc4228aad10, C4<0>, C4<0>;
L_0x5dc4228aa820 .functor XOR 1, L_0x5dc4228aaf00, L_0x5dc4228ab080, C4<0>, C4<0>;
L_0x5dc4228ab450 .functor XOR 1, L_0x5dc4228ab5a0, L_0x5dc4228ab7b0, C4<0>, C4<0>;
v0x5dc42289dac0_0 .net "A", 3 0, L_0x5dc4228a62c0;  alias, 1 drivers
v0x5dc42289dbc0_0 .net "B", 3 0, L_0x5dc4228a6870;  alias, 1 drivers
v0x5dc42289dca0_0 .net "C", 3 0, L_0x5dc4228aa580;  1 drivers
v0x5dc42289dd60_0 .net "C0_Inter_01", 0 0, L_0x5dc4228a8270;  1 drivers
v0x5dc42289de20_0 .net "C1_Inter_01", 0 0, L_0x5dc4228a8470;  1 drivers
v0x5dc42289df30_0 .net "C1_NAND", 0 0, L_0x5dc4228a8750;  1 drivers
v0x5dc42289dfd0_0 .net "C1_NOR", 0 0, L_0x5dc4228a8860;  1 drivers
v0x5dc42289e0a0_0 .net "C2_Inter_01", 0 0, L_0x5dc4228a9620;  1 drivers
v0x5dc42289e140_0 .net "C2_NAND", 0 0, L_0x5dc4228a9030;  1 drivers
v0x5dc42289e210_0 .net "C2_NOR", 0 0, L_0x5dc4228a90f0;  1 drivers
v0x5dc42289e2e0_0 .net "C3_Inter_01", 0 0, L_0x5dc4228aa310;  1 drivers
v0x5dc42289e380_0 .net "C3_Inter_02", 0 0, L_0x5dc4228aa3d0;  1 drivers
v0x5dc42289e420_0 .net "C3_Inter_03", 0 0, L_0x5dc4228aa440;  1 drivers
v0x5dc42289e4c0_0 .net "C3_Inter_04", 0 0, L_0x5dc4228aa510;  1 drivers
v0x5dc42289e580_0 .net "C3_NAND", 0 0, L_0x5dc4228a99b0;  1 drivers
v0x5dc42289e650_0 .net "C3_NOR", 0 0, L_0x5dc4228a9ac0;  1 drivers
v0x5dc42289e720_0 .net "Cin", 0 0, v0x5dc4228a4790_0;  alias, 1 drivers
v0x5dc42289e7c0_0 .net "Cin_Not", 0 0, L_0x5dc4228a8200;  1 drivers
v0x5dc42289e860_0 .net "Cout", 0 0, L_0x5dc4228ab8a0;  alias, 1 drivers
v0x5dc42289e920_0 .net "G_Not", 3 0, L_0x5dc4228a7e30;  1 drivers
v0x5dc42289ea00_0 .net "Inter_Sum", 3 0, L_0x5dc4228a8070;  1 drivers
v0x5dc42289eae0_0 .net "P_Not", 3 0, L_0x5dc4228a7d60;  1 drivers
v0x5dc42289ebc0_0 .net "S", 3 0, L_0x5dc4228ab2c0;  alias, 1 drivers
v0x5dc42289eca0_0 .net *"_ivl_102", 0 0, L_0x5dc4228ab5a0;  1 drivers
v0x5dc42289ed80_0 .net *"_ivl_104", 0 0, L_0x5dc4228ab7b0;  1 drivers
v0x5dc42289ee60_0 .net *"_ivl_44", 0 0, L_0x5dc4228a8330;  1 drivers
v0x5dc42289ef40_0 .net *"_ivl_45", 0 0, L_0x5dc4228a84e0;  1 drivers
v0x5dc42289f020_0 .net *"_ivl_48", 0 0, L_0x5dc4228a85a0;  1 drivers
v0x5dc42289f100_0 .net *"_ivl_57", 0 0, L_0x5dc4228a8f50;  1 drivers
v0x5dc42289f1e0_0 .net *"_ivl_68", 0 0, L_0x5dc4228a96d0;  1 drivers
v0x5dc42289f2c0_0 .net *"_ivl_69", 0 0, L_0x5dc4228a9880;  1 drivers
v0x5dc42289f3a0_0 .net *"_ivl_79", 0 0, L_0x5dc4228aa6c0;  1 drivers
v0x5dc42289f480_0 .net *"_ivl_82", 0 0, L_0x5dc4228aa890;  1 drivers
v0x5dc42289f770_0 .net *"_ivl_85", 0 0, L_0x5dc4228aa900;  1 drivers
v0x5dc42289f850_0 .net *"_ivl_86", 0 0, L_0x5dc4228aab30;  1 drivers
v0x5dc42289f930_0 .net *"_ivl_89", 0 0, L_0x5dc4228aac20;  1 drivers
v0x5dc42289fa10_0 .net *"_ivl_91", 0 0, L_0x5dc4228aad10;  1 drivers
v0x5dc42289faf0_0 .net *"_ivl_92", 0 0, L_0x5dc4228aa820;  1 drivers
v0x5dc42289fbd0_0 .net *"_ivl_95", 0 0, L_0x5dc4228aaf00;  1 drivers
v0x5dc42289fcb0_0 .net *"_ivl_97", 0 0, L_0x5dc4228ab080;  1 drivers
v0x5dc42289fd90_0 .net *"_ivl_98", 0 0, L_0x5dc4228ab450;  1 drivers
L_0x5dc4228a6c90 .part L_0x5dc4228a62c0, 0, 1;
L_0x5dc4228a6dc0 .part L_0x5dc4228a6870, 0, 1;
L_0x5dc4228a70d0 .part L_0x5dc4228a62c0, 1, 1;
L_0x5dc4228a7290 .part L_0x5dc4228a6870, 1, 1;
L_0x5dc4228a7660 .part L_0x5dc4228a62c0, 2, 1;
L_0x5dc4228a7790 .part L_0x5dc4228a6870, 2, 1;
L_0x5dc4228a7ab0 .part L_0x5dc4228a62c0, 3, 1;
L_0x5dc4228a7be0 .part L_0x5dc4228a6870, 3, 1;
L_0x5dc4228a7d60 .concat8 [ 1 1 1 1], L_0x5dc4228a6a30, L_0x5dc4228a6ef0, L_0x5dc4228a7480, L_0x5dc4228a7900;
L_0x5dc4228a7e30 .concat8 [ 1 1 1 1], L_0x5dc4228a6b30, L_0x5dc4228a6fc0, L_0x5dc4228a7550, L_0x5dc4228a79a0;
L_0x5dc4228a8070 .concat8 [ 1 1 1 1], L_0x5dc4228a6c20, L_0x5dc4228a7060, L_0x5dc4228a75f0, L_0x5dc4228a7a40;
L_0x5dc4228a8330 .part L_0x5dc4228a7d60, 0, 1;
L_0x5dc4228a85a0 .part L_0x5dc4228a7e30, 0, 1;
L_0x5dc4228a8970 .part L_0x5dc4228a7e30, 1, 1;
L_0x5dc4228a8ae0 .part L_0x5dc4228a7d60, 1, 1;
L_0x5dc4228a8b80 .part L_0x5dc4228a7e30, 0, 1;
L_0x5dc4228a8d90 .part L_0x5dc4228a7d60, 0, 1;
L_0x5dc4228a9200 .part L_0x5dc4228a7e30, 2, 1;
L_0x5dc4228a9390 .part L_0x5dc4228a7d60, 2, 1;
L_0x5dc4228a9430 .part L_0x5dc4228a7e30, 1, 1;
L_0x5dc4228a92f0 .part L_0x5dc4228a7d60, 1, 1;
L_0x5dc4228a96d0 .part L_0x5dc4228aa580, 0, 1;
L_0x5dc4228a9bd0 .part L_0x5dc4228a7e30, 3, 1;
L_0x5dc4228a9cc0 .part L_0x5dc4228a7d60, 3, 1;
L_0x5dc4228a9e30 .part L_0x5dc4228a7e30, 2, 1;
L_0x5dc4228aa030 .part L_0x5dc4228a7d60, 2, 1;
L_0x5dc4228aa580 .concat8 [ 1 1 1 1], L_0x5dc4228a84e0, L_0x5dc4228a8f50, L_0x5dc4228a9880, L_0x5dc4228aa6c0;
L_0x5dc4228aa900 .part L_0x5dc4228a8070, 0, 1;
L_0x5dc4228aac20 .part L_0x5dc4228aa580, 0, 1;
L_0x5dc4228aad10 .part L_0x5dc4228a8070, 1, 1;
L_0x5dc4228aaf00 .part L_0x5dc4228aa580, 1, 1;
L_0x5dc4228ab080 .part L_0x5dc4228a8070, 2, 1;
L_0x5dc4228ab2c0 .concat8 [ 1 1 1 1], L_0x5dc4228aa890, L_0x5dc4228aab30, L_0x5dc4228aa820, L_0x5dc4228ab450;
L_0x5dc4228ab5a0 .part L_0x5dc4228aa580, 2, 1;
L_0x5dc4228ab7b0 .part L_0x5dc4228a8070, 3, 1;
L_0x5dc4228ab8a0 .part L_0x5dc4228aa580, 3, 1;
S_0x5dc422881d00 .scope module, "Helper_1" "Helper_Block" 4 38, 4 12 0, S_0x5dc422880df0;
 .timescale -9 -12;
    .port_info 0 /INPUT 1 "Gi_Not";
    .port_info 1 /INPUT 1 "Pi_Not";
    .port_info 2 /INPUT 1 "Gi_1_Not";
    .port_info 3 /INPUT 1 "Pi_1_Not";
    .port_info 4 /OUTPUT 1 "Out_NAND";
    .port_info 5 /OUTPUT 1 "Out_NOR";
L_0x5dc4228a86e0 .functor OR 1, L_0x5dc4228a8b80, L_0x5dc4228a8ae0, C4<0>, C4<0>;
L_0x5dc4228a8750 .functor NAND 1, L_0x5dc4228a8970, L_0x5dc4228a86e0, C4<1>, C4<1>;
L_0x5dc4228a8860 .functor NOR 1, L_0x5dc4228a8ae0, L_0x5dc4228a8d90, C4<0>, C4<0>;
v0x5dc42287f6c0_0 .net "Gi_1_Not", 0 0, L_0x5dc4228a8b80;  1 drivers
v0x5dc42287f790_0 .net "Gi_Not", 0 0, L_0x5dc4228a8970;  1 drivers
v0x5dc422869560_0 .net "Inter_1", 0 0, L_0x5dc4228a86e0;  1 drivers
v0x5dc422869630_0 .net "Out_NAND", 0 0, L_0x5dc4228a8750;  alias, 1 drivers
v0x5dc422880000_0 .net "Out_NOR", 0 0, L_0x5dc4228a8860;  alias, 1 drivers
v0x5dc42287f0c0_0 .net "Pi_1_Not", 0 0, L_0x5dc4228a8d90;  1 drivers
v0x5dc42289ad00_0 .net "Pi_Not", 0 0, L_0x5dc4228a8ae0;  1 drivers
S_0x5dc42289ae80 .scope module, "Helper_2" "Helper_Block" 4 43, 4 12 0, S_0x5dc422880df0;
 .timescale -9 -12;
    .port_info 0 /INPUT 1 "Gi_Not";
    .port_info 1 /INPUT 1 "Pi_Not";
    .port_info 2 /INPUT 1 "Gi_1_Not";
    .port_info 3 /INPUT 1 "Pi_1_Not";
    .port_info 4 /OUTPUT 1 "Out_NAND";
    .port_info 5 /OUTPUT 1 "Out_NOR";
L_0x5dc4228a8fc0 .functor OR 1, L_0x5dc4228a9430, L_0x5dc4228a9390, C4<0>, C4<0>;
L_0x5dc4228a9030 .functor NAND 1, L_0x5dc4228a9200, L_0x5dc4228a8fc0, C4<1>, C4<1>;
L_0x5dc4228a90f0 .functor NOR 1, L_0x5dc4228a9390, L_0x5dc4228a92f0, C4<0>, C4<0>;
v0x5dc42289b120_0 .net "Gi_1_Not", 0 0, L_0x5dc4228a9430;  1 drivers
v0x5dc42289b1e0_0 .net "Gi_Not", 0 0, L_0x5dc4228a9200;  1 drivers
v0x5dc42289b2a0_0 .net "Inter_1", 0 0, L_0x5dc4228a8fc0;  1 drivers
v0x5dc42289b340_0 .net "Out_NAND", 0 0, L_0x5dc4228a9030;  alias, 1 drivers
v0x5dc42289b400_0 .net "Out_NOR", 0 0, L_0x5dc4228a90f0;  alias, 1 drivers
v0x5dc42289b510_0 .net "Pi_1_Not", 0 0, L_0x5dc4228a92f0;  1 drivers
v0x5dc42289b5d0_0 .net "Pi_Not", 0 0, L_0x5dc4228a9390;  1 drivers
S_0x5dc42289b750 .scope module, "Helper_3" "Helper_Block" 4 48, 4 12 0, S_0x5dc422880df0;
 .timescale -9 -12;
    .port_info 0 /INPUT 1 "Gi_Not";
    .port_info 1 /INPUT 1 "Pi_Not";
    .port_info 2 /INPUT 1 "Gi_1_Not";
    .port_info 3 /INPUT 1 "Pi_1_Not";
    .port_info 4 /OUTPUT 1 "Out_NAND";
    .port_info 5 /OUTPUT 1 "Out_NOR";
L_0x5dc4228a9940 .functor OR 1, L_0x5dc4228a9e30, L_0x5dc4228a9cc0, C4<0>, C4<0>;
L_0x5dc4228a99b0 .functor NAND 1, L_0x5dc4228a9bd0, L_0x5dc4228a9940, C4<1>, C4<1>;
L_0x5dc4228a9ac0 .functor NOR 1, L_0x5dc4228a9cc0, L_0x5dc4228aa030, C4<0>, C4<0>;
v0x5dc42289b9d0_0 .net "Gi_1_Not", 0 0, L_0x5dc4228a9e30;  1 drivers
v0x5dc42289ba90_0 .net "Gi_Not", 0 0, L_0x5dc4228a9bd0;  1 drivers
v0x5dc42289bb50_0 .net "Inter_1", 0 0, L_0x5dc4228a9940;  1 drivers
v0x5dc42289bbf0_0 .net "Out_NAND", 0 0, L_0x5dc4228a99b0;  alias, 1 drivers
v0x5dc42289bcb0_0 .net "Out_NOR", 0 0, L_0x5dc4228a9ac0;  alias, 1 drivers
v0x5dc42289bdc0_0 .net "Pi_1_Not", 0 0, L_0x5dc4228aa030;  1 drivers
v0x5dc42289be80_0 .net "Pi_Not", 0 0, L_0x5dc4228a9cc0;  1 drivers
S_0x5dc42289c000 .scope module, "PG_0" "PG_Block" 4 27, 4 4 0, S_0x5dc422880df0;
 .timescale -9 -12;
    .port_info 0 /INPUT 1 "A";
    .port_info 1 /INPUT 1 "B";
    .port_info 2 /OUTPUT 1 "P_Not";
    .port_info 3 /OUTPUT 1 "G_Not";
    .port_info 4 /OUTPUT 1 "S";
L_0x5dc4228a6a30 .functor NOR 1, L_0x5dc4228a6c90, L_0x5dc4228a6dc0, C4<0>, C4<0>;
L_0x5dc4228a6b30 .functor NAND 1, L_0x5dc4228a6c90, L_0x5dc4228a6dc0, C4<1>, C4<1>;
L_0x5dc4228a6c20 .functor XOR 1, L_0x5dc4228a6c90, L_0x5dc4228a6dc0, C4<0>, C4<0>;
v0x5dc42289c1e0_0 .net "A", 0 0, L_0x5dc4228a6c90;  1 drivers
v0x5dc42289c2c0_0 .net "B", 0 0, L_0x5dc4228a6dc0;  1 drivers
v0x5dc42289c380_0 .net "G_Not", 0 0, L_0x5dc4228a6b30;  1 drivers
v0x5dc42289c420_0 .net "P_Not", 0 0, L_0x5dc4228a6a30;  1 drivers
v0x5dc42289c4e0_0 .net "S", 0 0, L_0x5dc4228a6c20;  1 drivers
S_0x5dc42289c690 .scope module, "PG_1" "PG_Block" 4 28, 4 4 0, S_0x5dc422880df0;
 .timescale -9 -12;
    .port_info 0 /INPUT 1 "A";
    .port_info 1 /INPUT 1 "B";
    .port_info 2 /OUTPUT 1 "P_Not";
    .port_info 3 /OUTPUT 1 "G_Not";
    .port_info 4 /OUTPUT 1 "S";
L_0x5dc4228a6ef0 .functor NOR 1, L_0x5dc4228a70d0, L_0x5dc4228a7290, C4<0>, C4<0>;
L_0x5dc4228a6fc0 .functor NAND 1, L_0x5dc4228a70d0, L_0x5dc4228a7290, C4<1>, C4<1>;
L_0x5dc4228a7060 .functor XOR 1, L_0x5dc4228a70d0, L_0x5dc4228a7290, C4<0>, C4<0>;
v0x5dc42289c8c0_0 .net "A", 0 0, L_0x5dc4228a70d0;  1 drivers
v0x5dc42289c9a0_0 .net "B", 0 0, L_0x5dc4228a7290;  1 drivers
v0x5dc42289ca60_0 .net "G_Not", 0 0, L_0x5dc4228a6fc0;  1 drivers
v0x5dc42289cb00_0 .net "P_Not", 0 0, L_0x5dc4228a6ef0;  1 drivers
v0x5dc42289cbc0_0 .net "S", 0 0, L_0x5dc4228a7060;  1 drivers
S_0x5dc42289cd70 .scope module, "PG_2" "PG_Block" 4 29, 4 4 0, S_0x5dc422880df0;
 .timescale -9 -12;
    .port_info 0 /INPUT 1 "A";
    .port_info 1 /INPUT 1 "B";
    .port_info 2 /OUTPUT 1 "P_Not";
    .port_info 3 /OUTPUT 1 "G_Not";
    .port_info 4 /OUTPUT 1 "S";
L_0x5dc4228a7480 .functor NOR 1, L_0x5dc4228a7660, L_0x5dc4228a7790, C4<0>, C4<0>;
L_0x5dc4228a7550 .functor NAND 1, L_0x5dc4228a7660, L_0x5dc4228a7790, C4<1>, C4<1>;
L_0x5dc4228a75f0 .functor XOR 1, L_0x5dc4228a7660, L_0x5dc4228a7790, C4<0>, C4<0>;
v0x5dc42289cf50_0 .net "A", 0 0, L_0x5dc4228a7660;  1 drivers
v0x5dc42289d030_0 .net "B", 0 0, L_0x5dc4228a7790;  1 drivers
v0x5dc42289d0f0_0 .net "G_Not", 0 0, L_0x5dc4228a7550;  1 drivers
v0x5dc42289d190_0 .net "P_Not", 0 0, L_0x5dc4228a7480;  1 drivers
v0x5dc42289d250_0 .net "S", 0 0, L_0x5dc4228a75f0;  1 drivers
S_0x5dc42289d400 .scope module, "PG_3" "PG_Block" 4 30, 4 4 0, S_0x5dc422880df0;
 .timescale -9 -12;
    .port_info 0 /INPUT 1 "A";
    .port_info 1 /INPUT 1 "B";
    .port_info 2 /OUTPUT 1 "P_Not";
    .port_info 3 /OUTPUT 1 "G_Not";
    .port_info 4 /OUTPUT 1 "S";
L_0x5dc4228a7900 .functor NOR 1, L_0x5dc4228a7ab0, L_0x5dc4228a7be0, C4<0>, C4<0>;
L_0x5dc4228a79a0 .functor NAND 1, L_0x5dc4228a7ab0, L_0x5dc4228a7be0, C4<1>, C4<1>;
L_0x5dc4228a7a40 .functor XOR 1, L_0x5dc4228a7ab0, L_0x5dc4228a7be0, C4<0>, C4<0>;
v0x5dc42289d5e0_0 .net "A", 0 0, L_0x5dc4228a7ab0;  1 drivers
v0x5dc42289d6c0_0 .net "B", 0 0, L_0x5dc4228a7be0;  1 drivers
v0x5dc42289d780_0 .net "G_Not", 0 0, L_0x5dc4228a79a0;  1 drivers
v0x5dc42289d850_0 .net "P_Not", 0 0, L_0x5dc4228a7900;  1 drivers
v0x5dc42289d910_0 .net "S", 0 0, L_0x5dc4228a7a40;  1 drivers
S_0x5dc42289ff40 .scope module, "DFF0" "DFF" 3 32, 3 6 0, S_0x5dc4228751a0;
 .timescale -9 -12;
    .port_info 0 /INPUT 1 "D";
    .port_info 1 /INPUT 1 "Clk";
    .port_info 2 /INPUT 1 "Reset";
    .port_info 3 /OUTPUT 1 "Q";
v0x5dc4228a0110_0 .net "Clk", 0 0, v0x5dc4228a5c70_0;  alias, 1 drivers
v0x5dc4228a01f0_0 .net "D", 0 0, L_0x5dc4228a5f90;  1 drivers
v0x5dc4228a02b0_0 .var "Q", 0 0;
v0x5dc4228a0380_0 .net "Reset", 0 0, v0x5dc4228a5e50_0;  alias, 1 drivers
E_0x5dc422859e00/0 .event negedge, v0x5dc4228a0380_0;
E_0x5dc422859e00/1 .event posedge, v0x5dc4228a0110_0;
E_0x5dc422859e00 .event/or E_0x5dc422859e00/0, E_0x5dc422859e00/1;
S_0x5dc4228a04f0 .scope module, "DFF1" "DFF" 3 33, 3 6 0, S_0x5dc4228751a0;
 .timescale -9 -12;
    .port_info 0 /INPUT 1 "D";
    .port_info 1 /INPUT 1 "Clk";
    .port_info 2 /INPUT 1 "Reset";
    .port_info 3 /OUTPUT 1 "Q";
v0x5dc4228a0700_0 .net "Clk", 0 0, v0x5dc4228a5c70_0;  alias, 1 drivers
v0x5dc4228a07d0_0 .net "D", 0 0, L_0x5dc4228a6080;  1 drivers
v0x5dc4228a0870_0 .var "Q", 0 0;
v0x5dc4228a0940_0 .net "Reset", 0 0, v0x5dc4228a5e50_0;  alias, 1 drivers
S_0x5dc4228a0aa0 .scope module, "DFF10" "DFF" 3 47, 3 6 0, S_0x5dc4228751a0;
 .timescale -9 -12;
    .port_info 0 /INPUT 1 "D";
    .port_info 1 /INPUT 1 "Clk";
    .port_info 2 /INPUT 1 "Reset";
    .port_info 3 /OUTPUT 1 "Q";
v0x5dc4228a0c80_0 .net "Clk", 0 0, v0x5dc4228a5c70_0;  alias, 1 drivers
v0x5dc4228a0d90_0 .net "D", 0 0, L_0x5dc4228aba70;  1 drivers
v0x5dc4228a0e50_0 .var "Q", 0 0;
v0x5dc4228a0ef0_0 .net "Reset", 0 0, v0x5dc4228a5e50_0;  alias, 1 drivers
S_0x5dc4228a1060 .scope module, "DFF11" "DFF" 3 48, 3 6 0, S_0x5dc4228751a0;
 .timescale -9 -12;
    .port_info 0 /INPUT 1 "D";
    .port_info 1 /INPUT 1 "Clk";
    .port_info 2 /INPUT 1 "Reset";
    .port_info 3 /OUTPUT 1 "Q";
v0x5dc4228a1290_0 .net "Clk", 0 0, v0x5dc4228a5c70_0;  alias, 1 drivers
v0x5dc4228a1350_0 .net "D", 0 0, L_0x5dc4228abba0;  1 drivers
v0x5dc4228a1410_0 .var "Q", 0 0;
v0x5dc4228a14b0_0 .net "Reset", 0 0, v0x5dc4228a5e50_0;  alias, 1 drivers
S_0x5dc4228a1600 .scope module, "DFF12" "DFF" 3 49, 3 6 0, S_0x5dc4228751a0;
 .timescale -9 -12;
    .port_info 0 /INPUT 1 "D";
    .port_info 1 /INPUT 1 "Clk";
    .port_info 2 /INPUT 1 "Reset";
    .port_info 3 /OUTPUT 1 "Q";
v0x5dc4228a17e0_0 .net "Clk", 0 0, v0x5dc4228a5c70_0;  alias, 1 drivers
v0x5dc4228a18a0_0 .net "D", 0 0, L_0x5dc4228abc40;  1 drivers
v0x5dc4228a1960_0 .var "Q", 0 0;
v0x5dc4228a1a30_0 .net "Reset", 0 0, v0x5dc4228a5e50_0;  alias, 1 drivers
S_0x5dc4228a1b80 .scope module, "DFF13" "DFF" 3 51, 3 6 0, S_0x5dc4228751a0;
 .timescale -9 -12;
    .port_info 0 /INPUT 1 "D";
    .port_info 1 /INPUT 1 "Clk";
    .port_info 2 /INPUT 1 "Reset";
    .port_info 3 /OUTPUT 1 "Q";
v0x5dc4228a1d10_0 .net "Clk", 0 0, v0x5dc4228a5c70_0;  alias, 1 drivers
v0x5dc4228a1dd0_0 .net "D", 0 0, L_0x5dc4228ab8a0;  alias, 1 drivers
v0x5dc4228a1ec0_0 .var "Q", 0 0;
v0x5dc4228a1f90_0 .net "Reset", 0 0, v0x5dc4228a5e50_0;  alias, 1 drivers
S_0x5dc4228a20a0 .scope module, "DFF2" "DFF" 3 34, 3 6 0, S_0x5dc4228751a0;
 .timescale -9 -12;
    .port_info 0 /INPUT 1 "D";
    .port_info 1 /INPUT 1 "Clk";
    .port_info 2 /INPUT 1 "Reset";
    .port_info 3 /OUTPUT 1 "Q";
v0x5dc4228a2230_0 .net "Clk", 0 0, v0x5dc4228a5c70_0;  alias, 1 drivers
v0x5dc4228a22f0_0 .net "D", 0 0, L_0x5dc4228a6120;  1 drivers
v0x5dc4228a23b0_0 .var "Q", 0 0;
v0x5dc4228a2480_0 .net "Reset", 0 0, v0x5dc4228a5e50_0;  alias, 1 drivers
S_0x5dc4228a25d0 .scope module, "DFF3" "DFF" 3 35, 3 6 0, S_0x5dc4228751a0;
 .timescale -9 -12;
    .port_info 0 /INPUT 1 "D";
    .port_info 1 /INPUT 1 "Clk";
    .port_info 2 /INPUT 1 "Reset";
    .port_info 3 /OUTPUT 1 "Q";
v0x5dc4228a28b0_0 .net "Clk", 0 0, v0x5dc4228a5c70_0;  alias, 1 drivers
v0x5dc4228a2970_0 .net "D", 0 0, L_0x5dc4228a61c0;  1 drivers
v0x5dc4228a2a30_0 .var "Q", 0 0;
v0x5dc4228a2b00_0 .net "Reset", 0 0, v0x5dc4228a5e50_0;  alias, 1 drivers
S_0x5dc4228a2c50 .scope module, "DFF4" "DFF" 3 37, 3 6 0, S_0x5dc4228751a0;
 .timescale -9 -12;
    .port_info 0 /INPUT 1 "D";
    .port_info 1 /INPUT 1 "Clk";
    .port_info 2 /INPUT 1 "Reset";
    .port_info 3 /OUTPUT 1 "Q";
v0x5dc4228a2e50_0 .net "Clk", 0 0, v0x5dc4228a5c70_0;  alias, 1 drivers
v0x5dc4228a2f10_0 .net "D", 0 0, L_0x5dc4228a6420;  1 drivers
v0x5dc4228a2fd0_0 .var "Q", 0 0;
v0x5dc4228a30a0_0 .net "Reset", 0 0, v0x5dc4228a5e50_0;  alias, 1 drivers
S_0x5dc4228a31f0 .scope module, "DFF5" "DFF" 3 38, 3 6 0, S_0x5dc4228751a0;
 .timescale -9 -12;
    .port_info 0 /INPUT 1 "D";
    .port_info 1 /INPUT 1 "Clk";
    .port_info 2 /INPUT 1 "Reset";
    .port_info 3 /OUTPUT 1 "Q";
v0x5dc4228a3440_0 .net "Clk", 0 0, v0x5dc4228a5c70_0;  alias, 1 drivers
v0x5dc4228a3500_0 .net "D", 0 0, L_0x5dc4228a6580;  1 drivers
v0x5dc4228a35c0_0 .var "Q", 0 0;
v0x5dc4228a3690_0 .net "Reset", 0 0, v0x5dc4228a5e50_0;  alias, 1 drivers
S_0x5dc4228a37e0 .scope module, "DFF6" "DFF" 3 39, 3 6 0, S_0x5dc4228751a0;
 .timescale -9 -12;
    .port_info 0 /INPUT 1 "D";
    .port_info 1 /INPUT 1 "Clk";
    .port_info 2 /INPUT 1 "Reset";
    .port_info 3 /OUTPUT 1 "Q";
v0x5dc4228a3a30_0 .net "Clk", 0 0, v0x5dc4228a5c70_0;  alias, 1 drivers
v0x5dc4228a3af0_0 .net "D", 0 0, L_0x5dc4228a6620;  1 drivers
v0x5dc4228a3bb0_0 .var "Q", 0 0;
v0x5dc4228a3c80_0 .net "Reset", 0 0, v0x5dc4228a5e50_0;  alias, 1 drivers
S_0x5dc4228a3dd0 .scope module, "DFF7" "DFF" 3 40, 3 6 0, S_0x5dc4228751a0;
 .timescale -9 -12;
    .port_info 0 /INPUT 1 "D";
    .port_info 1 /INPUT 1 "Clk";
    .port_info 2 /INPUT 1 "Reset";
    .port_info 3 /OUTPUT 1 "Q";
v0x5dc4228a4020_0 .net "Clk", 0 0, v0x5dc4228a5c70_0;  alias, 1 drivers
v0x5dc4228a40e0_0 .net "D", 0 0, L_0x5dc4228a67a0;  1 drivers
v0x5dc4228a41a0_0 .var "Q", 0 0;
v0x5dc4228a4270_0 .net "Reset", 0 0, v0x5dc4228a5e50_0;  alias, 1 drivers
S_0x5dc4228a43c0 .scope module, "DFF8" "DFF" 3 42, 3 6 0, S_0x5dc4228751a0;
 .timescale -9 -12;
    .port_info 0 /INPUT 1 "D";
    .port_info 1 /INPUT 1 "Clk";
    .port_info 2 /INPUT 1 "Reset";
    .port_info 3 /OUTPUT 1 "Q";
v0x5dc4228a4610_0 .net "Clk", 0 0, v0x5dc4228a5c70_0;  alias, 1 drivers
v0x5dc4228a46d0_0 .net "D", 0 0, v0x5dc4228a5b50_0;  alias, 1 drivers
v0x5dc4228a4790_0 .var "Q", 0 0;
v0x5dc4228a4890_0 .net "Reset", 0 0, v0x5dc4228a5e50_0;  alias, 1 drivers
S_0x5dc4228a49a0 .scope module, "DFF9" "DFF" 3 46, 3 6 0, S_0x5dc4228751a0;
 .timescale -9 -12;
    .port_info 0 /INPUT 1 "D";
    .port_info 1 /INPUT 1 "Clk";
    .port_info 2 /INPUT 1 "Reset";
    .port_info 3 /OUTPUT 1 "Q";
v0x5dc4228a4bf0_0 .net "Clk", 0 0, v0x5dc4228a5c70_0;  alias, 1 drivers
v0x5dc4228a4cb0_0 .net "D", 0 0, L_0x5dc4228ab690;  1 drivers
v0x5dc4228a4d70_0 .var "Q", 0 0;
v0x5dc4228a4e40_0 .net "Reset", 0 0, v0x5dc4228a5e50_0;  alias, 1 drivers
    .scope S_0x5dc42289ff40;
T_0 ;
    %wait E_0x5dc422859e00;
    %load/vec4 v0x5dc4228a0380_0;
    %nor/r;
    %flag_set/vec4 8;
    %jmp/0xz  T_0.0, 8;
    %pushi/vec4 0, 0, 1;
    %assign/vec4 v0x5dc4228a02b0_0, 0;
    %jmp T_0.1;
T_0.0 ;
    %load/vec4 v0x5dc4228a01f0_0;
    %assign/vec4 v0x5dc4228a02b0_0, 0;
T_0.1 ;
    %jmp T_0;
    .thread T_0;
    .scope S_0x5dc4228a04f0;
T_1 ;
    %wait E_0x5dc422859e00;
    %load/vec4 v0x5dc4228a0940_0;
    %nor/r;
    %flag_set/vec4 8;
    %jmp/0xz  T_1.0, 8;
    %pushi/vec4 0, 0, 1;
    %assign/vec4 v0x5dc4228a0870_0, 0;
    %jmp T_1.1;
T_1.0 ;
    %load/vec4 v0x5dc4228a07d0_0;
    %assign/vec4 v0x5dc4228a0870_0, 0;
T_1.1 ;
    %jmp T_1;
    .thread T_1;
    .scope S_0x5dc4228a20a0;
T_2 ;
    %wait E_0x5dc422859e00;
    %load/vec4 v0x5dc4228a2480_0;
    %nor/r;
    %flag_set/vec4 8;
    %jmp/0xz  T_2.0, 8;
    %pushi/vec4 0, 0, 1;
    %assign/vec4 v0x5dc4228a23b0_0, 0;
    %jmp T_2.1;
T_2.0 ;
    %load/vec4 v0x5dc4228a22f0_0;
    %assign/vec4 v0x5dc4228a23b0_0, 0;
T_2.1 ;
    %jmp T_2;
    .thread T_2;
    .scope S_0x5dc4228a25d0;
T_3 ;
    %wait E_0x5dc422859e00;
    %load/vec4 v0x5dc4228a2b00_0;
    %nor/r;
    %flag_set/vec4 8;
    %jmp/0xz  T_3.0, 8;
    %pushi/vec4 0, 0, 1;
    %assign/vec4 v0x5dc4228a2a30_0, 0;
    %jmp T_3.1;
T_3.0 ;
    %load/vec4 v0x5dc4228a2970_0;
    %assign/vec4 v0x5dc4228a2a30_0, 0;
T_3.1 ;
    %jmp T_3;
    .thread T_3;
    .scope S_0x5dc4228a2c50;
T_4 ;
    %wait E_0x5dc422859e00;
    %load/vec4 v0x5dc4228a30a0_0;
    %nor/r;
    %flag_set/vec4 8;
    %jmp/0xz  T_4.0, 8;
    %pushi/vec4 0, 0, 1;
    %assign/vec4 v0x5dc4228a2fd0_0, 0;
    %jmp T_4.1;
T_4.0 ;
    %load/vec4 v0x5dc4228a2f10_0;
    %assign/vec4 v0x5dc4228a2fd0_0, 0;
T_4.1 ;
    %jmp T_4;
    .thread T_4;
    .scope S_0x5dc4228a31f0;
T_5 ;
    %wait E_0x5dc422859e00;
    %load/vec4 v0x5dc4228a3690_0;
    %nor/r;
    %flag_set/vec4 8;
    %jmp/0xz  T_5.0, 8;
    %pushi/vec4 0, 0, 1;
    %assign/vec4 v0x5dc4228a35c0_0, 0;
    %jmp T_5.1;
T_5.0 ;
    %load/vec4 v0x5dc4228a3500_0;
    %assign/vec4 v0x5dc4228a35c0_0, 0;
T_5.1 ;
    %jmp T_5;
    .thread T_5;
    .scope S_0x5dc4228a37e0;
T_6 ;
    %wait E_0x5dc422859e00;
    %load/vec4 v0x5dc4228a3c80_0;
    %nor/r;
    %flag_set/vec4 8;
    %jmp/0xz  T_6.0, 8;
    %pushi/vec4 0, 0, 1;
    %assign/vec4 v0x5dc4228a3bb0_0, 0;
    %jmp T_6.1;
T_6.0 ;
    %load/vec4 v0x5dc4228a3af0_0;
    %assign/vec4 v0x5dc4228a3bb0_0, 0;
T_6.1 ;
    %jmp T_6;
    .thread T_6;
    .scope S_0x5dc4228a3dd0;
T_7 ;
    %wait E_0x5dc422859e00;
    %load/vec4 v0x5dc4228a4270_0;
    %nor/r;
    %flag_set/vec4 8;
    %jmp/0xz  T_7.0, 8;
    %pushi/vec4 0, 0, 1;
    %assign/vec4 v0x5dc4228a41a0_0, 0;
    %jmp T_7.1;
T_7.0 ;
    %load/vec4 v0x5dc4228a40e0_0;
    %assign/vec4 v0x5dc4228a41a0_0, 0;
T_7.1 ;
    %jmp T_7;
    .thread T_7;
    .scope S_0x5dc4228a43c0;
T_8 ;
    %wait E_0x5dc422859e00;
    %load/vec4 v0x5dc4228a4890_0;
    %nor/r;
    %flag_set/vec4 8;
    %jmp/0xz  T_8.0, 8;
    %pushi/vec4 0, 0, 1;
    %assign/vec4 v0x5dc4228a4790_0, 0;
    %jmp T_8.1;
T_8.0 ;
    %load/vec4 v0x5dc4228a46d0_0;
    %assign/vec4 v0x5dc4228a4790_0, 0;
T_8.1 ;
    %jmp T_8;
    .thread T_8;
    .scope S_0x5dc4228a49a0;
T_9 ;
    %wait E_0x5dc422859e00;
    %load/vec4 v0x5dc4228a4e40_0;
    %nor/r;
    %flag_set/vec4 8;
    %jmp/0xz  T_9.0, 8;
    %pushi/vec4 0, 0, 1;
    %assign/vec4 v0x5dc4228a4d70_0, 0;
    %jmp T_9.1;
T_9.0 ;
    %load/vec4 v0x5dc4228a4cb0_0;
    %assign/vec4 v0x5dc4228a4d70_0, 0;
T_9.1 ;
    %jmp T_9;
    .thread T_9;
    .scope S_0x5dc4228a0aa0;
T_10 ;
    %wait E_0x5dc422859e00;
    %load/vec4 v0x5dc4228a0ef0_0;
    %nor/r;
    %flag_set/vec4 8;
    %jmp/0xz  T_10.0, 8;
    %pushi/vec4 0, 0, 1;
    %assign/vec4 v0x5dc4228a0e50_0, 0;
    %jmp T_10.1;
T_10.0 ;
    %load/vec4 v0x5dc4228a0d90_0;
    %assign/vec4 v0x5dc4228a0e50_0, 0;
T_10.1 ;
    %jmp T_10;
    .thread T_10;
    .scope S_0x5dc4228a1060;
T_11 ;
    %wait E_0x5dc422859e00;
    %load/vec4 v0x5dc4228a14b0_0;
    %nor/r;
    %flag_set/vec4 8;
    %jmp/0xz  T_11.0, 8;
    %pushi/vec4 0, 0, 1;
    %assign/vec4 v0x5dc4228a1410_0, 0;
    %jmp T_11.1;
T_11.0 ;
    %load/vec4 v0x5dc4228a1350_0;
    %assign/vec4 v0x5dc4228a1410_0, 0;
T_11.1 ;
    %jmp T_11;
    .thread T_11;
    .scope S_0x5dc4228a1600;
T_12 ;
    %wait E_0x5dc422859e00;
    %load/vec4 v0x5dc4228a1a30_0;
    %nor/r;
    %flag_set/vec4 8;
    %jmp/0xz  T_12.0, 8;
    %pushi/vec4 0, 0, 1;
    %assign/vec4 v0x5dc4228a1960_0, 0;
    %jmp T_12.1;
T_12.0 ;
    %load/vec4 v0x5dc4228a18a0_0;
    %assign/vec4 v0x5dc4228a1960_0, 0;
T_12.1 ;
    %jmp T_12;
    .thread T_12;
    .scope S_0x5dc4228a1b80;
T_13 ;
    %wait E_0x5dc422859e00;
    %load/vec4 v0x5dc4228a1f90_0;
    %nor/r;
    %flag_set/vec4 8;
    %jmp/0xz  T_13.0, 8;
    %pushi/vec4 0, 0, 1;
    %assign/vec4 v0x5dc4228a1ec0_0, 0;
    %jmp T_13.1;
T_13.0 ;
    %load/vec4 v0x5dc4228a1dd0_0;
    %assign/vec4 v0x5dc4228a1ec0_0, 0;
T_13.1 ;
    %jmp T_13;
    .thread T_13;
    .scope S_0x5dc42286c670;
T_14 ;
    %pushi/vec4 0, 0, 1;
    %store/vec4 v0x5dc4228a5c70_0, 0, 1;
    %pushi/vec4 0, 0, 1;
    %store/vec4 v0x5dc4228a5e50_0, 0, 1;
    %delay 1000, 0;
    %pushi/vec4 1, 0, 1;
    %store/vec4 v0x5dc4228a5e50_0, 0, 1;
T_14.0 ;
    %delay 5000, 0;
    %load/vec4 v0x5dc4228a5c70_0;
    %inv;
    %store/vec4 v0x5dc4228a5c70_0, 0, 1;
    %jmp T_14.0;
    %end;
    .thread T_14;
    .scope S_0x5dc42286c670;
T_15 ;
    %vpi_call 2 28 "$dumpfile", "Final.vcd" {0 0 0};
    %vpi_call 2 29 "$dumpvars", 32'sb00000000000000000000000000000000, S_0x5dc4228751a0 {0 0 0};
    %pushi/vec4 0, 0, 4;
    %store/vec4 v0x5dc4228a5970_0, 0, 4;
    %pushi/vec4 0, 0, 4;
    %store/vec4 v0x5dc4228a5a80_0, 0, 4;
    %pushi/vec4 0, 0, 1;
    %store/vec4 v0x5dc4228a5b50_0, 0, 1;
    %delay 10000, 0;
    %pushi/vec4 15, 0, 4;
    %store/vec4 v0x5dc4228a5970_0, 0, 4;
    %pushi/vec4 15, 0, 4;
    %store/vec4 v0x5dc4228a5a80_0, 0, 4;
    %pushi/vec4 0, 0, 1;
    %store/vec4 v0x5dc4228a5b50_0, 0, 1;
    %delay 10000, 0;
    %pushi/vec4 15, 0, 4;
    %store/vec4 v0x5dc4228a5970_0, 0, 4;
    %pushi/vec4 15, 0, 4;
    %store/vec4 v0x5dc4228a5a80_0, 0, 4;
    %pushi/vec4 1, 0, 1;
    %store/vec4 v0x5dc4228a5b50_0, 0, 1;
    %delay 10000, 0;
    %pushi/vec4 5, 0, 4;
    %store/vec4 v0x5dc4228a5970_0, 0, 4;
    %pushi/vec4 10, 0, 4;
    %store/vec4 v0x5dc4228a5a80_0, 0, 4;
    %pushi/vec4 0, 0, 1;
    %store/vec4 v0x5dc4228a5b50_0, 0, 1;
    %delay 10000, 0;
    %pushi/vec4 5, 0, 4;
    %store/vec4 v0x5dc4228a5970_0, 0, 4;
    %pushi/vec4 10, 0, 4;
    %store/vec4 v0x5dc4228a5a80_0, 0, 4;
    %pushi/vec4 1, 0, 1;
    %store/vec4 v0x5dc4228a5b50_0, 0, 1;
    %delay 10000, 0;
    %pushi/vec4 0, 0, 4;
    %store/vec4 v0x5dc4228a5970_0, 0, 4;
    %pushi/vec4 7, 0, 4;
    %store/vec4 v0x5dc4228a5a80_0, 0, 4;
    %pushi/vec4 0, 0, 1;
    %store/vec4 v0x5dc4228a5b50_0, 0, 1;
    %delay 10000, 0;
    %pushi/vec4 0, 0, 4;
    %store/vec4 v0x5dc4228a5970_0, 0, 4;
    %pushi/vec4 7, 0, 4;
    %store/vec4 v0x5dc4228a5a80_0, 0, 4;
    %pushi/vec4 1, 0, 1;
    %store/vec4 v0x5dc4228a5b50_0, 0, 1;
    %delay 10000, 0;
    %vpi_call 2 66 "$finish" {0 0 0};
    %end;
    .thread T_15;
# The file index is used to find the file name in the following table.
:file_names 5;
    "N/A";
    "<interactive>";
    "Final_TB.v";
    "./Final.v";
    "./CLA.v";
